[anpsthemes.com/psychiatrist/demo-1/wp-content/uploads/2016/02/favicon.png]
[backblue.gif]
[fade.gif]
[index.html]
[anpsthemes.com/psychiatrist/demo-2/feed/index.html]
[anpsthemes.com/psychiatrist/demo-2/comments/feed/index.html]
[anpsthemes.com/psychiatrist/demo-2/wp-includes/js/jquery/jqueryb8ff.js]
[anpsthemes.com/psychiatrist/demo-2/wp-includes/js/jquery/jquery-migrate.min330a.js]
[anpsthemes.com/psychiatrist/demo-2/wp-content/plugins/revslider/public/assets/js/jquery.themepunch.tools.min9d07.js]
[anpsthemes.com/psychiatrist/demo-2/wp-content/plugins/revslider/public/assets/js/jquery.themepunch.revolution.min9d07.js]
[anpsthemes.com/psychiatrist/demo-2/wp-content/plugins/woocommerce/assets/js/frontend/add-to-cart.minc169.js]
[anpsthemes.com/psychiatrist/demo-2/wp-content/plugins/js_composer/assets/js/vendors/woocommerce-add-to-cart5243.js]
[anpsthemes.com/psychiatrist/demo-2/xmlrpc0db0.php]
[anpsthemes.com/psychiatrist/demo-2/wp-json/index.html]
[anpsthemes.com/psychiatrist/demo-2/wp-includes/wlwmanifest.xml]
[anpsthemes.com/psychiatrist/demo-2/wp-json/oembed/1.0/embed31f4.json]
[anpsthemes.com/psychiatrist/demo-2/wp-json/oembed/1.0/embedaa49]
[anpsthemes.com/psychiatrist/demo-1/wp-content/uploads/2016/01/group-statementc563.jpg]
[anpsthemes.com/psychiatrist/demo-1/wp-content/uploads/2016/02/psychiatrist-logoV2.png]
[anpsthemes.com/psychiatrist/demo-2/wp-content/uploads/2016/03/slideV4-2.jpg]
[anpsthemes.com/psychiatrist/demo-2/wp-content/uploads/2016/03/slideV3-1.jpg]
[anpsthemes.com/psychiatrist/demo-2/wp-content/uploads/2016/03/slideV3-3.jpg]
[anpsthemes.com/psychiatrist/demo-2/wp-content/uploads/2016/01/johnmiller-722x368.jpg]
[anpsthemes.com/psychiatrist/demo-2/wp-content/uploads/2016/01/anxiety.jpg]
[anpsthemes.com/psychiatrist/demo-2/wp-content/uploads/2016/01/group.jpg]
[anpsthemes.com/psychiatrist/demo-2/wp-content/uploads/2016/01/couple.jpg]
[anpsthemes.com/psychiatrist/demo-2/wp-content/uploads/2016/01/children.jpg]
[anpsthemes.com/psychiatrist/demo-2/wp-content/uploads/2016/01/news1.jpg]
[anpsthemes.com/psychiatrist/demo-2/wp-content/uploads/2016/01/conquer-depresion.jpg]
[anpsthemes.com/psychiatrist/demo-2/wp-content/uploads/2016/01/stresless-woman.jpg]
[anpsthemes.com/psychiatrist/demo-2/wp-content/uploads/2016/01/couple-news.jpg]
[anpsthemes.com/psychiatrist/demo-2/wp-content/uploads/2016/01/slika-bostjan.jpg]
[anpsthemes.com/psychiatrist/demo-2/wp-content/uploads/2016/01/sara-cheerful.jpg]
[anpsthemes.com/psychiatrist/demo-2/wp-content/uploads/2016/01/jena-hapy.jpg]
[anpsthemes.com/psychiatrist/demo-2/wp-content/uploads/2016/01/john-stable.jpg]
[anpsthemes.com/psychiatrist/demo-2/wp-content/plugins/anps-color-picker/img/patterns/pattern-1.png]
[anpsthemes.com/psychiatrist/demo-2/wp-content/plugins/anps-color-picker/img/patterns/pattern-2.png]
[anpsthemes.com/psychiatrist/demo-2/wp-content/plugins/anps-color-picker/img/patterns/pattern-3.png]
[anpsthemes.com/psychiatrist/demo-2/wp-content/plugins/anps-color-picker/img/patterns/pattern-4.png]
[anpsthemes.com/psychiatrist/demo-2/wp-content/plugins/anps-color-picker/img/patterns/pattern-5.png]
[anpsthemes.com/psychiatrist/demo-2/wp-content/plugins/anps-color-picker/img/patterns/pattern-6.png]
[anpsthemes.com/psychiatrist/demo-2/wp-content/plugins/anps-color-picker/img/demos/demo-1.jpg]
[anpsthemes.com/psychiatrist/demo-2/wp-content/plugins/anps-color-picker/img/demos/demo-2.jpg]
[anpsthemes.com/psychiatrist/demo-2/wp-content/plugins/anps-color-picker/img/demos/demo-3.jpg]
[anpsthemes.com/psychiatrist/demo-2/wp-content/plugins/anps-color-picker/img/demos/coming-soon.jpg]
[anpsthemes.com/psychiatrist/demo-2/wp-content/themes/psychiatrist/js/functions76d7.js]
[anpsthemes.com/psychiatrist/demo-2/wp-content/plugins/anps-color-picker/js/color-picker76d7.js]
[anpsthemes.com/psychiatrist/demo-2/wp-content/plugins/contact-form-7/includes/js/scripts20fd.js]
[anpsthemes.com/psychiatrist/demo-2/wp-content/plugins/woocommerce/assets/js/jquery-blockui/jquery.blockUI.min44fd.js]
[anpsthemes.com/psychiatrist/demo-2/wp-content/plugins/woocommerce/assets/js/js-cookie/js.cookie.min6b25.js]
[anpsthemes.com/psychiatrist/demo-2/wp-content/plugins/woocommerce/assets/js/frontend/woocommerce.minc169.js]
[anpsthemes.com/psychiatrist/demo-2/wp-content/plugins/woocommerce/assets/js/frontend/cart-fragments.minc169.js]
[anpsthemes.com/psychiatrist/demo-2/wp-content/themes/psychiatrist/js/countto76d7.js]
[anpsthemes.com/psychiatrist/demo-2/wp-content/themes/psychiatrist/js/moment76d7.js]
[anpsthemes.com/psychiatrist/demo-2/wp-content/themes/psychiatrist/js/pikaday76d7.js]
[anpsthemes.com/psychiatrist/demo-2/wp-content/themes/psychiatrist/js/jquery.swipebox76d7.js]
[anpsthemes.com/psychiatrist/demo-2/wp-content/themes/psychiatrist/js/bootstrap/bootstrap.min76d7.js]
[anpsthemes.com/psychiatrist/demo-2/wp-content/plugins/js_composer/assets/lib/bower/isotope/dist/isotope.pkgd.min5243.js]
[anpsthemes.com/psychiatrist/demo-2/wp-content/themes/psychiatrist/js/doubletaptogo76d7.js]
[anpsthemes.com/psychiatrist/demo-2/wp-content/themes/psychiatrist/js/owlcarousel/owl.carousel76d7.js]
[anpsthemes.com/psychiatrist/demo-2/wp-content/plugins/newsletter/subscription/validate7752.js]
[anpsthemes.com/psychiatrist/demo-2/wp-includes/js/wp-embed.min76d7.js]
[anpsthemes.com/psychiatrist/demo-2/wp-content/themes/psychiatrist/js/waypoints/jquery.waypoints.min76d7.js]
[anpsthemes.com/psychiatrist/demo-2/wp-content/plugins/js_composer/assets/js/dist/js_composer_front.min5243.js]
[anpsthemes.com/psychiatrist/demo-2/index.html]
[anpsthemes.com/psychiatrist/demo-2/xmlrpc.php]
[anpsthemes.com/psychiatrist/demo-2/wp-content/plugins/anps-color-picker/css/color-picker76d7.css]
[anpsthemes.com/psychiatrist/demo-2/wp-content/plugins/contact-form-7/images/ajax-loader.gif]
[anpsthemes.com/psychiatrist/demo-2/wp-content/plugins/contact-form-7/includes/css/styles20fd.css]
[anpsthemes.com/psychiatrist/demo-2/wp-content/plugins/revslider/public/assets/fonts/revicons/revicons90c6.eot]
[anpsthemes.com/psychiatrist/demo-2/wp-content/plugins/revslider/public/assets/fonts/revicons/revicons90c6.woff]
[anpsthemes.com/psychiatrist/demo-2/wp-content/plugins/revslider/public/assets/fonts/revicons/revicons90c6.ttf]
[anpsthemes.com/psychiatrist/demo-2/wp-content/plugins/revslider/public/assets/assets/gridtile.png]
[anpsthemes.com/psychiatrist/demo-2/wp-content/plugins/revslider/public/assets/assets/gridtile_white.png]
[anpsthemes.com/psychiatrist/demo-2/wp-content/plugins/revslider/public/assets/assets/gridtile_3x3.png]
[anpsthemes.com/psychiatrist/demo-2/wp-content/plugins/revslider/public/assets/assets/gridtile_3x3_white.png]
[anpsthemes.com/psychiatrist/demo-2/wp-content/plugins/revslider/public/assets/assets/coloredbg.png]
[anpsthemes.com/psychiatrist/demo-2/wp-content/plugins/revslider/public/assets/assets/loader.gif]
[anpsthemes.com/psychiatrist/demo-2/wp-content/plugins/revslider/public/assets/css/settings9d07.css]
[anpsthemes.com/psychiatrist/demo-2/wp-content/plugins/js_composer/assets/lib/bower/font-awesome/fonts/fontawesome-webfont3e6e.eot]
[anpsthemes.com/psychiatrist/demo-2/wp-content/plugins/js_composer/assets/lib/bower/font-awesome/fonts/fontawesome-webfontd41d.eot]
[anpsthemes.com/psychiatrist/demo-2/wp-content/plugins/js_composer/assets/lib/bower/font-awesome/fonts/fontawesome-webfont3e6e.woff2]
[anpsthemes.com/psychiatrist/demo-2/wp-content/plugins/js_composer/assets/lib/bower/font-awesome/fonts/fontawesome-webfont3e6e.woff]
[anpsthemes.com/psychiatrist/demo-2/wp-content/plugins/js_composer/assets/lib/bower/font-awesome/fonts/fontawesome-webfont3e6e.ttf]
[anpsthemes.com/psychiatrist/demo-2/wp-content/plugins/js_composer/assets/lib/bower/font-awesome/css/font-awesome.min5243.css]
[anpsthemes.com/psychiatrist/demo-2/wp-content/themes/psychiatrist/js/owlcarousel/assets/owl.video.play.png]
[anpsthemes.com/psychiatrist/demo-2/wp-content/themes/psychiatrist/js/owlcarousel/assets/owl.carousel76d7.css]
[anpsthemes.com/psychiatrist/demo-2/wp-content/themes/psychiatrist/css/bootstrap76d7.css]
[anpsthemes.com/psychiatrist/demo-2/wp-content/themes/psychiatrist/css/pikaday76d7.css]
[anpsthemes.com/psychiatrist/demo-2/wp-content/themes/psychiatrist/css/boxed/pattern-1.png]
[anpsthemes.com/psychiatrist/demo-2/wp-content/themes/psychiatrist/css/boxed/pattern-2.png]
[anpsthemes.com/psychiatrist/demo-2/wp-content/themes/psychiatrist/css/boxed/pattern-3.png]
[anpsthemes.com/psychiatrist/demo-2/wp-content/themes/psychiatrist/css/boxed/pattern-4.png]
[anpsthemes.com/psychiatrist/demo-2/wp-content/themes/psychiatrist/css/boxed/pattern-5.png]
[anpsthemes.com/psychiatrist/demo-2/wp-content/themes/psychiatrist/css/boxed/pattern-6.png]
[anpsthemes.com/psychiatrist/demo-2/wp-content/themes/psychiatrist/css/boxed/pattern-7.png]
[anpsthemes.com/psychiatrist/demo-2/wp-content/themes/psychiatrist/css/boxed/pattern-8.png]
[anpsthemes.com/psychiatrist/demo-2/wp-content/themes/psychiatrist/css/boxed/pattern-9.png]
[anpsthemes.com/psychiatrist/demo-2/wp-content/themes/psychiatrist/css/core76d7.css]
[anpsthemes.com/psychiatrist/demo-2/wp-content/themes/psychiatrist/css/components76d7.css]
[anpsthemes.com/psychiatrist/demo-2/wp-content/themes/psychiatrist/css/components/button76d7.css]
[anpsthemes.com/psychiatrist/demo-2/wp-content/themes/psychiatrist/images/swipebox/loader.gif]
[anpsthemes.com/psychiatrist/demo-2/wp-content/themes/psychiatrist/images/swipebox/icons.png]
[anpsthemes.com/psychiatrist/demo-2/wp-content/themes/psychiatrist/css/swipebox76d7.css]
[anpsthemes.com/psychiatrist/demo-2/wp-content/themes/psychiatrist/style76d7.css]
[anpsthemes.com/psychiatrist/demo-2/wp-content/themes/psychiatrist/css/wordpress76d7.css]
[anpsthemes.com/psychiatrist/demo-2/wp-content/themes/psychiatrist/custom76d7.css]
[anpsthemes.com/psychiatrist/demo-2/wp-content/plugins/js_composer/assets/vc/alert.png]
[anpsthemes.com/psychiatrist/demo-2/wp-content/plugins/js_composer/assets/vc/info.png]
[anpsthemes.com/psychiatrist/demo-2/wp-content/plugins/js_composer/assets/vc/tick.png]
[anpsthemes.com/psychiatrist/demo-2/wp-content/plugins/js_composer/assets/vc/exclamation.png]
[anpsthemes.com/psychiatrist/demo-2/wp-content/plugins/js_composer/assets/images/icons/address-book.png]
[anpsthemes.com/psychiatrist/demo-2/wp-content/plugins/js_composer/assets/images/icons/alarm-clock.png]
[anpsthemes.com/psychiatrist/demo-2/wp-content/plugins/js_composer/assets/images/icons/anchor.png]
[anpsthemes.com/psychiatrist/demo-2/wp-content/plugins/js_composer/assets/images/icons/application-image.png]
[anpsthemes.com/psychiatrist/demo-2/wp-content/plugins/js_composer/assets/images/icons/arrow.png]
[anpsthemes.com/psychiatrist/demo-2/wp-content/plugins/js_composer/assets/images/icons/asterisk.png]
[anpsthemes.com/psychiatrist/demo-2/wp-content/plugins/js_composer/assets/images/icons/auction-hammer.png]
[anpsthemes.com/psychiatrist/demo-2/wp-content/plugins/js_composer/assets/images/icons/balloon.png]
[anpsthemes.com/psychiatrist/demo-2/wp-content/plugins/js_composer/assets/images/icons/balloon-buzz.png]
[anpsthemes.com/psychiatrist/demo-2/wp-content/plugins/js_composer/assets/images/icons/balloon-facebook.png]
[anpsthemes.com/psychiatrist/demo-2/wp-content/plugins/js_composer/assets/images/icons/balloon-twitter.png]
[anpsthemes.com/psychiatrist/demo-2/wp-content/plugins/js_composer/assets/images/icons/battery-full.png]
[anpsthemes.com/psychiatrist/demo-2/wp-content/plugins/js_composer/assets/images/icons/binocular.png]
[anpsthemes.com/psychiatrist/demo-2/wp-content/plugins/js_composer/assets/images/icons/blue-document-excel.png]
[anpsthemes.com/psychiatrist/demo-2/wp-content/plugins/js_composer/assets/images/icons/blue-document-image.png]
[anpsthemes.com/psychiatrist/demo-2/wp-content/plugins/js_composer/assets/images/icons/blue-document-music.png]
[anpsthemes.com/psychiatrist/demo-2/wp-content/plugins/js_composer/assets/images/icons/blue-document-office.png]
[anpsthemes.com/psychiatrist/demo-2/wp-content/plugins/js_composer/assets/images/icons/blue-document-pdf.png]
[anpsthemes.com/psychiatrist/demo-2/wp-content/plugins/js_composer/assets/images/icons/blue-document-powerpoint.png]
[anpsthemes.com/psychiatrist/demo-2/wp-content/plugins/js_composer/assets/images/icons/blue-document-word.png]
[anpsthemes.com/psychiatrist/demo-2/wp-content/plugins/js_composer/assets/images/icons/bookmark.png]
[anpsthemes.com/psychiatrist/demo-2/wp-content/plugins/js_composer/assets/images/icons/camcorder.png]
[anpsthemes.com/psychiatrist/demo-2/wp-content/plugins/js_composer/assets/images/icons/camera.png]
[anpsthemes.com/psychiatrist/demo-2/wp-content/plugins/js_composer/assets/images/icons/chart.png]
[anpsthemes.com/psychiatrist/demo-2/wp-content/plugins/js_composer/assets/images/icons/chart-pie.png]
[anpsthemes.com/psychiatrist/demo-2/wp-content/plugins/js_composer/assets/images/icons/clock.png]
[anpsthemes.com/psychiatrist/demo-2/wp-content/plugins/js_composer/assets/images/icons/control.png]
[anpsthemes.com/psychiatrist/demo-2/wp-content/plugins/js_composer/assets/images/icons/fire.png]
[anpsthemes.com/psychiatrist/demo-2/wp-content/plugins/js_composer/assets/images/icons/heart.png]
[anpsthemes.com/psychiatrist/demo-2/wp-content/plugins/js_composer/assets/images/icons/mail.png]
[anpsthemes.com/psychiatrist/demo-2/wp-content/plugins/js_composer/assets/images/icons/plus-shield.png]
[anpsthemes.com/psychiatrist/demo-2/wp-content/plugins/js_composer/assets/images/icons/video.png]
[anpsthemes.com/psychiatrist/demo-2/wp-content/plugins/js_composer/assets/fonts/vc_icons_v2/fonts/vcpb-plugin-icons01aa.ttf]
[anpsthemes.com/psychiatrist/demo-2/wp-content/plugins/js_composer/assets/fonts/vc_icons_v2/fonts/vcpb-plugin-icons01aa.woff]
[anpsthemes.com/psychiatrist/demo-2/wp-content/plugins/js_composer/assets/images/toggle_open.png]
[anpsthemes.com/psychiatrist/demo-2/wp-content/plugins/js_composer/assets/images/toggle_close.png]
[anpsthemes.com/psychiatrist/demo-2/wp-content/plugins/js_composer/assets/images/flickr.png]
[anpsthemes.com/psychiatrist/demo-2/wp-content/plugins/js_composer/assets/fonts/vc_grid/vc_grid_v157a1.eot]
[anpsthemes.com/psychiatrist/demo-2/wp-content/plugins/js_composer/assets/fonts/vc_grid/vc_grid_v1d41d.eot]
[anpsthemes.com/psychiatrist/demo-2/wp-content/plugins/js_composer/assets/fonts/vc_grid/vc_grid_v157a1.woff]
[anpsthemes.com/psychiatrist/demo-2/wp-content/plugins/js_composer/assets/fonts/vc_grid/vc_grid_v157a1.ttf]
[anpsthemes.com/psychiatrist/demo-2/wp-content/plugins/js_composer/assets/images/spinner.gif]
[anpsthemes.com/psychiatrist/demo-2/wp-content/plugins/js_composer/assets/vc/remove.png]
[anpsthemes.com/psychiatrist/demo-2/wp-content/plugins/js_composer/assets/css/js_composer.min5243.css]
[anpsthemes.com/psychiatrist/demo-2/wp-json/index.html]
[anpsthemes.com/psychiatrist/demo-2/wp-json/oembed/1.0/embed52b6.json]
[anpsthemes.com/psychiatrist/demo-2/wp-json/oembed/1.0/embedc58e]
[anpsthemes.com/psychiatrist/demo-2/wp-content/plugins/js_composer/assets/lib/vc_accordion/vc-accordion.min5243.js]
[anpsthemes.com/psychiatrist/demo-2/toggles-accordions/index.html]
[anpsthemes.com/psychiatrist/demo-2/wp-content/plugins/js_composer/assets/lib/vc-tta-autoplay/vc-tta-autoplay.min5243.js]
[anpsthemes.com/psychiatrist/demo-2/wp-json/oembed/1.0/embed1f42.json]
[anpsthemes.com/psychiatrist/demo-2/wp-json/oembed/1.0/embed8747]
[anpsthemes.com/psychiatrist/demo-2/wp-content/plugins/js_composer/assets/lib/vc_tabs/vc-tabs.min5243.js]
[anpsthemes.com/psychiatrist/demo-2/tabs/index.html]
[anpsthemes.com/psychiatrist/demo-2/wp-json/oembed/1.0/embed7dfa.json]
[anpsthemes.com/psychiatrist/demo-2/wp-json/oembed/1.0/embed84f9]
[anpsthemes.com/psychiatrist/demo-2/tables/index.html]
[anpsthemes.com/psychiatrist/demo-2/wp-json/oembed/1.0/embed7cd2.json]
[anpsthemes.com/psychiatrist/demo-2/wp-json/oembed/1.0/embedb0f7]
[anpsthemes.com/psychiatrist/demo-2/wp-content/plugins/js_composer/assets/lib/waypoints/waypoints.min5243.js]
[anpsthemes.com/psychiatrist/demo-2/progress-bars/index.html]
[anpsthemes.com/psychiatrist/demo-2/wp-json/oembed/1.0/embed8d4a.json]
[anpsthemes.com/psychiatrist/demo-2/wp-json/oembed/1.0/embeda054]
[anpsthemes.com/psychiatrist/demo-2/notifications/index.html]
[anpsthemes.com/psychiatrist/demo-2/wp-json/oembed/1.0/embeddbeb.json]
[anpsthemes.com/psychiatrist/demo-2/wp-json/oembed/1.0/embedf940]
[anpsthemes.com/psychiatrist/demo-2/wp-content/uploads/2016/01/Layer-1.png]
[anpsthemes.com/psychiatrist/demo-2/wp-content/uploads/2016/01/Layer-2.png]
[anpsthemes.com/psychiatrist/demo-2/wp-content/uploads/2016/01/Layer-3.png]
[anpsthemes.com/psychiatrist/demo-2/wp-content/uploads/2016/01/Layer-4.png]
[anpsthemes.com/psychiatrist/demo-2/wp-content/uploads/2016/01/Layer-5.png]
[anpsthemes.com/psychiatrist/demo-2/wp-content/uploads/2016/01/Layer-6.png]
[anpsthemes.com/psychiatrist/demo-2/wp-content/uploads/2016/01/Layer-7.png]
[anpsthemes.com/psychiatrist/demo-2/wp-content/uploads/2016/01/Layer-8.jpg]
[anpsthemes.com/psychiatrist/demo-2/wp-content/uploads/2016/01/layer9.jpg]
[anpsthemes.com/psychiatrist/demo-2/wp-content/uploads/2016/01/layer9-300x173.jpg]
[anpsthemes.com/psychiatrist/demo-2/wp-content/uploads/2016/01/Layer-8-300x173.jpg]
[anpsthemes.com/psychiatrist/demo-2/wp-content/uploads/2016/01/Layer-7-300x173.png]
[anpsthemes.com/psychiatrist/demo-2/wp-content/uploads/2016/01/Layer-6-300x173.png]
[anpsthemes.com/psychiatrist/demo-2/wp-content/uploads/2016/01/Layer-5-300x173.png]
[anpsthemes.com/psychiatrist/demo-2/wp-content/uploads/2016/01/Layer-4-300x173.png]
[anpsthemes.com/psychiatrist/demo-2/wp-content/uploads/2016/01/Layer-3-300x173.png]
[anpsthemes.com/psychiatrist/demo-2/wp-content/uploads/2016/01/Layer-2-300x173.png]
[anpsthemes.com/psychiatrist/demo-2/wp-content/uploads/2016/01/Layer-1-300x173.png]
[anpsthemes.com/psychiatrist/demo-2/gallery/index.html]
[anpsthemes.com/psychiatrist/demo-2/wp-json/oembed/1.0/embed1955.json]
[anpsthemes.com/psychiatrist/demo-2/wp-json/oembed/1.0/embed6822]
[anpsthemes.com/psychiatrist/demo-2/video/index.html]
[anpsthemes.com/psychiatrist/demo-2/wp-json/oembed/1.0/embeda385.json]
[anpsthemes.com/psychiatrist/demo-2/wp-json/oembed/1.0/embed5ab0]
[anpsthemes.com/psychiatrist/demo-2/faq/index.html]
[anpsthemes.com/psychiatrist/demo-2/wp-json/oembed/1.0/embed58af.json]
[anpsthemes.com/psychiatrist/demo-2/wp-json/oembed/1.0/embedd301]
[anpsthemes.com/psychiatrist/demo-2/typography/index.html]
[anpsthemes.com/psychiatrist/demo-2/wp-json/oembed/1.0/embed2d8e.json]
[anpsthemes.com/psychiatrist/demo-2/wp-json/oembed/1.0/embedca9d]
[anpsthemes.com/psychiatrist/demo-2/wp-content/uploads/2016/01/psychiatrist.jpg]
[anpsthemes.com/psychiatrist/demo-2/wp-content/uploads/2016/01/coworker1.jpg]
[anpsthemes.com/psychiatrist/demo-2/wp-content/uploads/2016/01/coworker2.jpg]
[anpsthemes.com/psychiatrist/demo-2/wp-content/uploads/2016/01/coworker3.jpg]
[anpsthemes.com/psychiatrist/demo-2/about-me/index.html]
[anpsthemes.com/psychiatrist/demo-2/wp-json/oembed/1.0/embedecdd.json]
[anpsthemes.com/psychiatrist/demo-2/wp-json/oembed/1.0/embed1c79]
[anpsthemes.com/psychiatrist/demo-2/wp-content/uploads/2016/01/services-anxiety-therapy.jpg]
[anpsthemes.com/psychiatrist/demo-2/wp-content/uploads/2016/01/services-couples-therapy.jpg]
[anpsthemes.com/psychiatrist/demo-2/wp-content/uploads/2016/01/stresless-woman-1-722x368.jpg]
[anpsthemes.com/psychiatrist/demo-2/wp-content/uploads/2016/01/services-chilren-therapy.jpg]
[anpsthemes.com/psychiatrist/demo-2/wp-content/uploads/2016/01/service-group-teraphy.jpg]
[anpsthemes.com/psychiatrist/demo-2/wp-content/uploads/2016/01/services-family-therapy.jpg]
[anpsthemes.com/psychiatrist/demo-2/services/index.html]
[anpsthemes.com/psychiatrist/demo-2/wp-json/oembed/1.0/embeda183.json]
[anpsthemes.com/psychiatrist/demo-2/wp-json/oembed/1.0/embed5170]
[anpsthemes.com/psychiatrist/demo-2/wp-content/uploads/2016/01/anxiety-service-page1.jpg]
[anpsthemes.com/psychiatrist/demo-2/wp-content/uploads/2016/01/anxiety-service-page2.jpg]
[anpsthemes.com/psychiatrist/demo-2/anxiety-therapy/index.html]
[anpsthemes.com/psychiatrist/demo-2/wp-json/oembed/1.0/embed07b4.json]
[anpsthemes.com/psychiatrist/demo-2/wp-json/oembed/1.0/embed7fc9]
[anpsthemes.com/psychiatrist/demo-2/wp-content/uploads/2016/01/couples-services-page1.jpg]
[anpsthemes.com/psychiatrist/demo-2/couples-therapy/index.html]
[anpsthemes.com/psychiatrist/demo-2/wp-json/oembed/1.0/embed50d4.json]
[anpsthemes.com/psychiatrist/demo-2/wp-json/oembed/1.0/embed8864]
[anpsthemes.com/psychiatrist/demo-2/wp-content/uploads/2016/01/antistres-services1.jpg]
[anpsthemes.com/psychiatrist/demo-2/wp-content/uploads/2016/01/antistres-services2.jpg]
[anpsthemes.com/psychiatrist/demo-2/anti-stress-therapy/index.html]
[anpsthemes.com/psychiatrist/demo-2/wp-json/oembed/1.0/embede370.json]
[anpsthemes.com/psychiatrist/demo-2/wp-json/oembed/1.0/embed15ad]
[anpsthemes.com/psychiatrist/demo-2/wp-content/uploads/2016/01/childrens-services1.jpg]
[anpsthemes.com/psychiatrist/demo-2/wp-content/uploads/2016/01/childrens-services2.jpg]
[anpsthemes.com/psychiatrist/demo-2/children-therapy/index.html]
[anpsthemes.com/psychiatrist/demo-2/wp-json/oembed/1.0/embed7348.json]
[anpsthemes.com/psychiatrist/demo-2/wp-json/oembed/1.0/embedb85c]
[anpsthemes.com/psychiatrist/demo-2/wp-content/uploads/2016/01/group-services1.jpg]
[anpsthemes.com/psychiatrist/demo-2/wp-content/uploads/2016/01/group-services2.jpg]
[anpsthemes.com/psychiatrist/demo-2/group-therapy/index.html]
[anpsthemes.com/psychiatrist/demo-2/wp-json/oembed/1.0/embed6552.json]
[anpsthemes.com/psychiatrist/demo-2/wp-json/oembed/1.0/embedc081]
[anpsthemes.com/psychiatrist/demo-2/wp-content/uploads/2016/01/fmaily-services1.jpg]
[anpsthemes.com/psychiatrist/demo-2/family-therapy/index.html]
[anpsthemes.com/psychiatrist/demo-2/wp-json/oembed/1.0/embedcaa9.json]
[anpsthemes.com/psychiatrist/demo-2/wp-json/oembed/1.0/embed27ea]
[anpsthemes.com/psychiatrist/demo-2/news-2/index.html]
[anpsthemes.com/psychiatrist/demo-2/wp-json/oembed/1.0/embed0937.json]
[anpsthemes.com/psychiatrist/demo-2/wp-json/oembed/1.0/embed8a4b]
[anpsthemes.com/psychiatrist/demo-2/2-column-news/index.html]
[anpsthemes.com/psychiatrist/demo-2/wp-json/oembed/1.0/embed0916.json]
[anpsthemes.com/psychiatrist/demo-2/wp-json/oembed/1.0/embed626b]
[anpsthemes.com/psychiatrist/demo-2/3-column-news/index.html]
[anpsthemes.com/psychiatrist/demo-2/wp-content/uploads/2013/06/book3-300x300.jpg]
[anpsthemes.com/psychiatrist/demo-2/shop/feed/index.html]
[anpsthemes.com/psychiatrist/demo-2/wp-content/uploads/2013/06/book2-1-300x300.jpg]
[anpsthemes.com/psychiatrist/demo-2/wp-content/uploads/2013/12/book1-300x300.jpg]
[anpsthemes.com/psychiatrist/demo-2/wp-content/uploads/2013/06/book2-300x300.jpg]
[anpsthemes.com/psychiatrist/demo-2/wp-content/uploads/2013/06/book4-300x300.jpg]
[anpsthemes.com/psychiatrist/demo-2/shop/index.html]
[anpsthemes.com/psychiatrist/demo-2/wp-json/oembed/1.0/embed13f0.json]
[anpsthemes.com/psychiatrist/demo-2/wp-json/oembed/1.0/embed2fa0]
[anpsthemes.com/psychiatrist/demo-2/wp-content/themes/psychiatrist/js/gmap3.min76d7.js]
[anpsthemes.com/psychiatrist/demo-2/contact-us/index.html]
[anpsthemes.com/psychiatrist/demo-2/wp-json/oembed/1.0/embed2455.json]
[anpsthemes.com/psychiatrist/demo-2/wp-json/oembed/1.0/embeddfcf]
[anpsthemes.com/psychiatrist/demo-2/wp-includes/js/comment-reply.min76d7.js]
[anpsthemes.com/psychiatrist/demo-2/group-therapy-post/index.html]
[anpsthemes.com/psychiatrist/demo-2/wp-content/uploads/2016/03/slideV4-2.jpg]
[anpsthemes.com/psychiatrist/demo-2/wp-content/uploads/2016/03/slideV3-1.jpg]
[anpsthemes.com/psychiatrist/demo-2/wp-content/uploads/2016/03/slideV3-3.jpg]
[anpsthemes.com/psychiatrist/demo-2/group-therapy-post/feed/index.html]
[anpsthemes.com/psychiatrist/demo-2/wp-json/oembed/1.0/embed9e9d.json]
[anpsthemes.com/psychiatrist/demo-2/wp-json/oembed/1.0/embedc069]
[anpsthemes.com/psychiatrist/demo-2/conquer-depression-post/index.html]
[anpsthemes.com/psychiatrist/demo-2/conquer-depression-post/feed/index.html]
[anpsthemes.com/psychiatrist/demo-2/wp-json/oembed/1.0/embed06a1.json]
[anpsthemes.com/psychiatrist/demo-2/anti-stress-exercise-post/feed/index.html]
[anpsthemes.com/psychiatrist/demo-2/wp-json/oembed/1.0/embed06d1]
[anpsthemes.com/psychiatrist/demo-2/anti-stress-exercise-post/index.html]
[anpsthemes.com/psychiatrist/demo-2/wp-json/oembed/1.0/embed4819.json]
[anpsthemes.com/psychiatrist/demo-2/couples-therapy-post/feed/index.html]
[anpsthemes.com/psychiatrist/demo-2/wp-json/oembed/1.0/embed88bd]
[anpsthemes.com/psychiatrist/demo-2/couples-therapy-post/index.html]
[anpsthemes.com/psychiatrist/demo-2/wp-json/oembed/1.0/embede856.json]
[anpsthemes.com/psychiatrist/demo-2/a-video-post/feed/index.html]
[anpsthemes.com/psychiatrist/demo-2/wp-json/oembed/1.0/embedc33b]
[anpsthemes.com/psychiatrist/demo-2/a-video-post/index.html]
[anpsthemes.com/psychiatrist/demo-2/wp-json/oembed/1.0/embed0311.json]
[anpsthemes.com/psychiatrist/demo-2/a-post-without-image/feed/index.html]
[anpsthemes.com/psychiatrist/demo-2/wp-json/oembed/1.0/embed4353]
[anpsthemes.com/psychiatrist/demo-2/a-post-without-image/index.html]
[anpsthemes.com/psychiatrist/demo-2/wp-content/plugins/revslider/public/assets/fonts/revicons/revicons90c6.svg]
[anpsthemes.com/psychiatrist/demo-2/wp-content/plugins/revslider/public/assets/css/openhand.html]
[anpsthemes.com/psychiatrist/demo-2/wp-content/plugins/revslider/public/assets/css/closedhand.html]
[anpsthemes.com/psychiatrist/demo-2/wp-content/plugins/js_composer/assets/lib/bower/font-awesome/fonts/fontawesome-webfont3e6e.svg]
[anpsthemes.com/psychiatrist/demo-2/wp-content/themes/psychiatrist/fonts/bootstrap/glyphicons-halflings-regular.html]
[anpsthemes.com/psychiatrist/demo-2/wp-content/themes/psychiatrist/fonts/bootstrap/glyphicons-halflings-regulard41d.html]
[anpsthemes.com/psychiatrist/demo-2/wp-content/themes/psychiatrist/fonts/bootstrap/glyphicons-halflings-regular-2.html]
[anpsthemes.com/psychiatrist/demo-2/wp-content/themes/psychiatrist/fonts/bootstrap/glyphicons-halflings-regular-3.html]
[anpsthemes.com/psychiatrist/demo-2/wp-content/themes/psychiatrist/fonts/bootstrap/glyphicons-halflings-regular-4.html]
[anpsthemes.com/psychiatrist/demo-2/wp-content/themes/psychiatrist/fonts/bootstrap/glyphicons-halflings-regular-5.html]
[anpsthemes.com/psychiatrist/demo-2/wp-content/themes/psychiatrist/css/boxed/pattern-10.html]
[anpsthemes.com/psychiatrist/demo-2/wp-content/themes/psychiatrist/images/featured-video.svg]
[anpsthemes.com/psychiatrist/demo-2/wp-content/plugins/js_composer/assets/fonts/vc_icons_v2/fonts/vcpb-plugin-icons01aa.svg]
[anpsthemes.com/psychiatrist/demo-2/wp-content/plugins/js_composer/assets/fonts/vc_grid/vc_grid_v157a1.svg]
[anpsthemes.com/psychiatrist/demo-2/indexe6eb.html]
[anpsthemes.com/psychiatrist/demo-2/wp-content/plugins/js_composer/assets/css/js_composer_tta.min5243.css]
[anpsthemes.com/psychiatrist/demo-2/index1de6.html]
[anpsthemes.com/psychiatrist/demo-2/indexbd47.html]
[anpsthemes.com/psychiatrist/demo-2/index12c3.html]
[anpsthemes.com/psychiatrist/demo-2/indexfc84.html]
[anpsthemes.com/psychiatrist/demo-2/index2193.html]
[anpsthemes.com/psychiatrist/demo-2/index9e60.html]
[anpsthemes.com/psychiatrist/demo-2/index3661.html]
[anpsthemes.com/psychiatrist/demo-2/index876b.html]
[anpsthemes.com/psychiatrist/demo-2/index66f5.html]
[anpsthemes.com/psychiatrist/demo-2/wp-json/oembed/1.0/embedd02b.json]
[anpsthemes.com/psychiatrist/demo-2/wp-json/oembed/1.0/embedfb4c]
[anpsthemes.com/psychiatrist/demo-2/team/sara-wayne-ph-d/index.html]
[anpsthemes.com/psychiatrist/demo-2/wp-json/oembed/1.0/embedd72b.json]
[anpsthemes.com/psychiatrist/demo-2/wp-json/oembed/1.0/embedae56]
[anpsthemes.com/psychiatrist/demo-2/team/steve-planer/index.html]
[anpsthemes.com/psychiatrist/demo-2/wp-json/oembed/1.0/embed2335.json]
[anpsthemes.com/psychiatrist/demo-2/wp-json/oembed/1.0/embed380b]
[anpsthemes.com/psychiatrist/demo-2/team/mark-teran/index.html]
[anpsthemes.com/psychiatrist/demo-2/indexc339.html]
[anpsthemes.com/psychiatrist/demo-2/index8569.html]
[anpsthemes.com/psychiatrist/demo-2/index99b7.html]
[anpsthemes.com/psychiatrist/demo-2/index8e48.html]
[anpsthemes.com/psychiatrist/demo-2/indexbd8b.html]
[anpsthemes.com/psychiatrist/demo-2/indexc52d.html]
[anpsthemes.com/psychiatrist/demo-2/index739f.html]
[anpsthemes.com/psychiatrist/demo-2/index80a2.html]
[anpsthemes.com/psychiatrist/demo-2/product/quick-guide/feed/index.html]
[anpsthemes.com/psychiatrist/demo-2/wp-json/oembed/1.0/embeda8b8.json]
[anpsthemes.com/psychiatrist/demo-2/wp-json/oembed/1.0/embedc198]
[anpsthemes.com/psychiatrist/demo-2/wp-content/uploads/2013/12/book1.jpg]
[anpsthemes.com/psychiatrist/demo-2/wp-content/uploads/2013/12/book1-600x600.jpg]
[anpsthemes.com/psychiatrist/demo-2/wp-content/plugins/woocommerce/assets/js/zoom/jquery.zoom.min82b5.js]
[anpsthemes.com/psychiatrist/demo-2/wp-content/plugins/js_composer/assets/lib/bower/flexslider/jquery.flexslider-min5243.js]
[anpsthemes.com/psychiatrist/demo-2/wp-content/plugins/woocommerce/assets/js/photoswipe/photoswipe.min0235.js]
[anpsthemes.com/psychiatrist/demo-2/wp-content/plugins/woocommerce/assets/js/photoswipe/photoswipe-ui-default.min0235.js]
[anpsthemes.com/psychiatrist/demo-2/wp-content/plugins/woocommerce/assets/js/frontend/single-product.minc169.js]
[anpsthemes.com/psychiatrist/demo-2/product/quick-guide/index.html]
[anpsthemes.com/psychiatrist/demo-2/2016/01/index.html]
[anpsthemes.com/psychiatrist/demo-2/category/happiness/index.html]
[anpsthemes.com/psychiatrist/demo-2/category/happiness/feed/index.html]
[anpsthemes.com/psychiatrist/demo-2/category/psychiatrist/index.html]
[anpsthemes.com/psychiatrist/demo-2/category/psychology/index.html]
[anpsthemes.com/psychiatrist/demo-2/category/therapy/index.html]
[anpsthemes.com/psychiatrist/demo-2/category/uncategorized/index.html]
[anpsthemes.com/psychiatrist/demo-2/category/psychology/feed/index.html]
[anpsthemes.com/psychiatrist/demo-2/category/psychiatrist/feed/index.html]
[anpsthemes.com/psychiatrist/demo-2/category/therapy/feed/index.html]
[anpsthemes.com/psychiatrist/demo-2/category/uncategorized/feed/index.html]
[anpsthemes.com/psychiatrist/demo-2/wp-login.html]
[anpsthemes.com/psychiatrist/demo-2/index208d.html]
[anpsthemes.com/psychiatrist/demo-2/index652f.html]
[anpsthemes.com/psychiatrist/demo-2/wp-includes/js/zxcvbn-async.min5152.js]
[anpsthemes.com/psychiatrist/demo-2/wp-json/oembed/1.0/embed1922.json]
[anpsthemes.com/psychiatrist/demo-2/wp-json/oembed/1.0/embed0a99]
[anpsthemes.com/psychiatrist/demo-2/wp-content/plugins/woocommerce/assets/js/frontend/country-select.minc169.js]
[anpsthemes.com/psychiatrist/demo-2/wp-content/plugins/woocommerce/assets/js/frontend/address-i18n.minc169.js]
[anpsthemes.com/psychiatrist/demo-2/wp-content/plugins/woocommerce/assets/js/frontend/cart.minc169.js]
[anpsthemes.com/psychiatrist/demo-2/wp-content/plugins/woocommerce/assets/js/selectWoo/selectWoo.full.minf269.js]
[anpsthemes.com/psychiatrist/demo-2/wp-admin/js/password-strength-meter.min76d7.js]
[anpsthemes.com/psychiatrist/demo-2/wp-content/plugins/woocommerce/assets/js/frontend/password-strength-meter.minc169.js]
[anpsthemes.com/psychiatrist/demo-2/cart/index.html]
[anpsthemes.com/psychiatrist/demo-2/wp-json/oembed/1.0/embed1fa4.json]
[anpsthemes.com/psychiatrist/demo-2/product/anxiety-help/feed/index.html]
[anpsthemes.com/psychiatrist/demo-2/wp-json/oembed/1.0/embeda473]
[anpsthemes.com/psychiatrist/demo-2/wp-content/uploads/2013/06/book3.jpg]
[anpsthemes.com/psychiatrist/demo-2/wp-content/uploads/2013/06/book3-600x600.jpg]
[anpsthemes.com/psychiatrist/demo-2/product/anxiety-help/index.html]
[anpsthemes.com/psychiatrist/demo-2/wp-content/uploads/2013/06/book3-180x180.jpg]
[anpsthemes.com/psychiatrist/demo-2/shop/index28a6.html]
[anpsthemes.com/psychiatrist/demo-2/wp-json/oembed/1.0/embedc2e4.json]
[anpsthemes.com/psychiatrist/demo-2/wp-json/oembed/1.0/embed047d]
[anpsthemes.com/psychiatrist/demo-2/wp-content/uploads/2013/06/book2-1.jpg]
[anpsthemes.com/psychiatrist/demo-2/wp-content/uploads/2013/06/book2-1-600x600.jpg]
[anpsthemes.com/psychiatrist/demo-2/product/brain-power/index.html]
[anpsthemes.com/psychiatrist/demo-2/product/brain-power/feed/index.html]
[anpsthemes.com/psychiatrist/demo-2/wp-content/uploads/2013/06/book2-1-180x180.jpg]
[anpsthemes.com/psychiatrist/demo-2/shop/indexe353.html]
[anpsthemes.com/psychiatrist/demo-2/wp-json/oembed/1.0/embed84ea.json]
[anpsthemes.com/psychiatrist/demo-2/product/calm-mind/feed/index.html]
[anpsthemes.com/psychiatrist/demo-2/wp-json/oembed/1.0/embed4f76]
[anpsthemes.com/psychiatrist/demo-2/product/calm-mind/index.html]
[anpsthemes.com/psychiatrist/demo-2/wp-content/uploads/2013/12/book1-180x180.jpg]
[anpsthemes.com/psychiatrist/demo-2/shop/indexdbe6.html]
[anpsthemes.com/psychiatrist/demo-2/wp-json/oembed/1.0/embed1be2.json]
[anpsthemes.com/psychiatrist/demo-2/product/depression-winner/feed/index.html]
[anpsthemes.com/psychiatrist/demo-2/wp-json/oembed/1.0/embed578f]
[anpsthemes.com/psychiatrist/demo-2/product/depression-winner/index.html]
[anpsthemes.com/psychiatrist/demo-2/shop/indexf401.html]
[anpsthemes.com/psychiatrist/demo-2/product/emotions-surge/feed/index.html]
[anpsthemes.com/psychiatrist/demo-2/wp-json/oembed/1.0/embedc5a0.json]
[anpsthemes.com/psychiatrist/demo-2/wp-json/oembed/1.0/embed862b]
[anpsthemes.com/psychiatrist/demo-2/product/emotions-surge/index.html]
[anpsthemes.com/psychiatrist/demo-2/shop/index8443.html]
[anpsthemes.com/psychiatrist/demo-2/wp-json/oembed/1.0/embed6d93.json]
[anpsthemes.com/psychiatrist/demo-2/product/group-session/feed/index.html]
[anpsthemes.com/psychiatrist/demo-2/wp-json/oembed/1.0/embedf7f2]
[anpsthemes.com/psychiatrist/demo-2/product/group-session/index.html]
[anpsthemes.com/psychiatrist/demo-2/shop/index5d11.html]
[anpsthemes.com/psychiatrist/demo-2/wp-json/oembed/1.0/embedec3a.json]
[anpsthemes.com/psychiatrist/demo-2/product/happiness/feed/index.html]
[anpsthemes.com/psychiatrist/demo-2/wp-json/oembed/1.0/embed7a46]
[anpsthemes.com/psychiatrist/demo-2/product/happiness/index.html]
[anpsthemes.com/psychiatrist/demo-2/shop/index318b.html]
[anpsthemes.com/psychiatrist/demo-2/wp-json/oembed/1.0/embed610e.json]
[anpsthemes.com/psychiatrist/demo-2/product/help-your-mind/feed/index.html]
[anpsthemes.com/psychiatrist/demo-2/wp-json/oembed/1.0/embed097e]
[anpsthemes.com/psychiatrist/demo-2/wp-content/uploads/2013/06/book2.jpg]
[anpsthemes.com/psychiatrist/demo-2/wp-content/uploads/2013/06/book2-600x600.jpg]
[anpsthemes.com/psychiatrist/demo-2/product/help-your-mind/index.html]
[anpsthemes.com/psychiatrist/demo-2/wp-content/uploads/2013/06/book2-180x180.jpg]
[anpsthemes.com/psychiatrist/demo-2/shop/indexb381.html]
[anpsthemes.com/psychiatrist/demo-2/wp-json/oembed/1.0/embed0254.json]
[anpsthemes.com/psychiatrist/demo-2/product/mind-analysis/feed/index.html]
[anpsthemes.com/psychiatrist/demo-2/product/mind-analysis/index.html]
[anpsthemes.com/psychiatrist/demo-2/wp-json/oembed/1.0/embed455a]
[anpsthemes.com/psychiatrist/demo-2/shop/index9e5c.html]
[anpsthemes.com/psychiatrist/demo-2/wp-json/oembed/1.0/embed779c.json]
[anpsthemes.com/psychiatrist/demo-2/wp-json/oembed/1.0/embeda89e]
[anpsthemes.com/psychiatrist/demo-2/wp-content/uploads/2013/06/book4.jpg]
[anpsthemes.com/psychiatrist/demo-2/product/peace-of-mind/feed/index.html]
[anpsthemes.com/psychiatrist/demo-2/wp-content/uploads/2013/06/book4-600x600.jpg]
[anpsthemes.com/psychiatrist/demo-2/product/peace-of-mind/index.html]
[anpsthemes.com/psychiatrist/demo-2/wp-content/uploads/2013/06/book4-180x180.jpg]
[anpsthemes.com/psychiatrist/demo-2/shop/index32bd.html]
[anpsthemes.com/psychiatrist/demo-2/wp-json/oembed/1.0/embeddaf7.json]
[anpsthemes.com/psychiatrist/demo-2/product/psychology-1-on-1/feed/index.html]
[anpsthemes.com/psychiatrist/demo-2/wp-json/oembed/1.0/embed3768]
[anpsthemes.com/psychiatrist/demo-2/product/psychology-1-on-1/index.html]
[anpsthemes.com/psychiatrist/demo-2/shop/index9e78.html]
[anpsthemes.com/psychiatrist/demo-2/shop/index6373.html]
[anpsthemes.com/psychiatrist/demo-2/shop/page/2/index.html]
[anpsthemes.com/psychiatrist/demo-2/indexbac1.html]
[anpsthemes.com/psychiatrist/demo-2/index6c69.html]
[anpsthemes.com/psychiatrist/demo-2/tag/happy/index.html]
[anpsthemes.com/psychiatrist/demo-2/tag/therapy/index.html]
[anpsthemes.com/psychiatrist/demo-2/wp-login9d36.html]
[anpsthemes.com/psychiatrist/demo-2/index0ae6.html]
[anpsthemes.com/psychiatrist/demo-2/tag/stress-less/index.html]
[anpsthemes.com/psychiatrist/demo-2/tag/happy/feed/index.html]
[anpsthemes.com/psychiatrist/demo-2/tag/therapy/feed/index.html]
[anpsthemes.com/psychiatrist/demo-2/wp-loginb153.html]
[anpsthemes.com/psychiatrist/demo-2/index6836.html]
[anpsthemes.com/psychiatrist/demo-2/tag/stress/index.html]
[anpsthemes.com/psychiatrist/demo-2/tag/stress-less/feed/index.html]
[anpsthemes.com/psychiatrist/demo-2/wp-loginc767.html]
[anpsthemes.com/psychiatrist/demo-2/index4007.html]
[anpsthemes.com/psychiatrist/demo-2/tag/couples/index.html]
[anpsthemes.com/psychiatrist/demo-2/wp-logineac9.html]
[anpsthemes.com/psychiatrist/demo-2/index1b15.html]
[anpsthemes.com/psychiatrist/demo-2/tag/post/index.html]
[anpsthemes.com/psychiatrist/demo-2/tag/video/index.html]
[anpsthemes.com/psychiatrist/demo-2/tag/stress/feed/index.html]
[anpsthemes.com/psychiatrist/demo-2/wp-login08f6.html]
[anpsthemes.com/psychiatrist/demo-2/index1d4f.html]
[anpsthemes.com/psychiatrist/demo-2/wp-login0d9e.html]
[anpsthemes.com/psychiatrist/demo-2/indexde70.html]
[anpsthemes.com/psychiatrist/demo-2/index4e69.html]
[anpsthemes.com/psychiatrist/demo-2/index7bbb.html]
[anpsthemes.com/psychiatrist/demo-2/wp-content/plugins/woocommerce/assets/css/photoswipe/photoswipec169.css]
[anpsthemes.com/psychiatrist/demo-2/tag/couples/feed/index.html]
[anpsthemes.com/psychiatrist/demo-2/tag/post/feed/index.html]
[anpsthemes.com/psychiatrist/demo-2/tag/video/feed/index.html]
[anpsthemes.com/psychiatrist/demo-2/wp-content/plugins/woocommerce/assets/css/photoswipe/default-skin/default-skin.png]
[anpsthemes.com/psychiatrist/demo-2/wp-content/plugins/woocommerce/assets/css/photoswipe/default-skin/preloader.gif]
[anpsthemes.com/psychiatrist/demo-2/wp-content/plugins/woocommerce/assets/css/photoswipe/default-skin/default-skinc169.css]
[anpsthemes.com/psychiatrist/demo-2/indexa26f.html]
[anpsthemes.com/psychiatrist/demo-2/product-category/psychiatry/index.html]
[anpsthemes.com/psychiatrist/demo-2/product-category/psychology/index.html]
[anpsthemes.com/psychiatrist/demo-2/product-category/tutorial/index.html]
[anpsthemes.com/psychiatrist/demo-2/product-category/psychiatry/feed/index.html]
[anpsthemes.com/psychiatrist/demo-2/wp-json/oembed/1.0/embed2df7.json]
[anpsthemes.com/psychiatrist/demo-2/wp-json/oembed/1.0/embede784]
[anpsthemes.com/psychiatrist/demo-2/product/relaxing-book/index.html]
[anpsthemes.com/psychiatrist/demo-2/product/quick-guide/index256c.html]
[anpsthemes.com/psychiatrist/demo-2/product/quick-guide/index318b.html]
[anpsthemes.com/psychiatrist/demo-2/product-category/psychology/feed/index.html]
[anpsthemes.com/psychiatrist/demo-2/wp-json/oembed/1.0/embedfe30.json]
[anpsthemes.com/psychiatrist/demo-2/wp-json/oembed/1.0/embed67b5]
[anpsthemes.com/psychiatrist/demo-2/product/tranquillity/index.html]
[anpsthemes.com/psychiatrist/demo-2/product/quick-guide/index6879.html]
[anpsthemes.com/psychiatrist/demo-2/wp-json/oembed/1.0/embed1147.json]
[anpsthemes.com/psychiatrist/demo-2/wp-json/oembed/1.0/embed06d7]
[anpsthemes.com/psychiatrist/demo-2/product/train-your-mind/index.html]
[anpsthemes.com/psychiatrist/demo-2/product/quick-guide/indexbc80.html]
[anpsthemes.com/psychiatrist/demo-2/product-category/tutorial/feed/index.html]
[anpsthemes.com/psychiatrist/demo-2/2016/index.html]
[anpsthemes.com/psychiatrist/demo-2/wp-includes/fonts/dashicons.eot]
[anpsthemes.com/psychiatrist/demo-2/wp-admin/images/loading.gif]
[anpsthemes.com/psychiatrist/demo-2/wp-admin/images/w-logo-blue7a53.png]
[anpsthemes.com/psychiatrist/demo-2/wp-admin/load-styles5d47.css]
[anpsthemes.com/psychiatrist/demo-2/product/relaxing-book/feed/index.html]
[anpsthemes.com/psychiatrist/demo-2/wp-admin/index.html]
[anpsthemes.com/psychiatrist/demo-2/wp-json/oembed/1.0/embed7da3.json]
[anpsthemes.com/psychiatrist/demo-2/wp-json/oembed/1.0/embed9543]
[anpsthemes.com/psychiatrist/demo-2/wp-content/plugins/woocommerce/assets/js/frontend/lost-password.minc169.js]
[anpsthemes.com/psychiatrist/demo-2/my-account/lost-password/index.html]
[anpsthemes.com/psychiatrist/demo-2/wp-content/plugins/woocommerce/assets/css/select2c169.css]
[anpsthemes.com/psychiatrist/demo-2/indexc4f7.html]
[anpsthemes.com/psychiatrist/demo-2/product/tranquillity/feed/index.html]
[anpsthemes.com/psychiatrist/demo-2/index0ae0.html]
[anpsthemes.com/psychiatrist/demo-2/product-category/analysis/index.html]
[anpsthemes.com/psychiatrist/demo-2/product/anxiety-help/indexbc80.html]
[anpsthemes.com/psychiatrist/demo-2/product/anxiety-help/index9e78.html]
[anpsthemes.com/psychiatrist/demo-2/product/train-your-mind/feed/index.html]
[anpsthemes.com/psychiatrist/demo-2/product/anxiety-help/index6373.html]
[anpsthemes.com/psychiatrist/demo-2/product/anxiety-help/index8443.html]
[anpsthemes.com/psychiatrist/demo-2/cart/index262e.html]
[anpsthemes.com/psychiatrist/demo-2/wp-json/oembed/1.0/embed7a56.json]
[anpsthemes.com/psychiatrist/demo-2/product-category/analysis/feed/index.html]
[anpsthemes.com/psychiatrist/demo-2/wp-json/oembed/1.0/embed6e61]
[anpsthemes.com/psychiatrist/demo-2/wp-content/plugins/woocommerce/assets/js/frontend/checkout.minc169.js]
[anpsthemes.com/psychiatrist/demo-2/checkout/index.html]
[anpsthemes.com/psychiatrist/demo-2/indexb0f8.html]
[anpsthemes.com/psychiatrist/demo-2/product-category/relaxing-methods/index.html]
[anpsthemes.com/psychiatrist/demo-2/product/brain-power/index9e5c.html]
[anpsthemes.com/psychiatrist/demo-2/product/brain-power/index9e78.html]
[anpsthemes.com/psychiatrist/demo-2/product/brain-power/index8443.html]
[anpsthemes.com/psychiatrist/demo-2/product/brain-power/index6879.html]
[anpsthemes.com/psychiatrist/demo-2/cart/index4e84.html]
[anpsthemes.com/psychiatrist/demo-2/index6ade.html]
[anpsthemes.com/psychiatrist/demo-2/product/calm-mind/index5d11.html]
[anpsthemes.com/psychiatrist/demo-2/product/calm-mind/index9e78.html]
[anpsthemes.com/psychiatrist/demo-2/product/calm-mind/index28a6.html]
[anpsthemes.com/psychiatrist/demo-2/product-category/relaxing-methods/feed/index.html]
[anpsthemes.com/psychiatrist/demo-2/product/calm-mind/indexb381.html]
[anpsthemes.com/psychiatrist/demo-2/cart/indexca1b.html]
[anpsthemes.com/psychiatrist/demo-2/indexe712.html]
[anpsthemes.com/psychiatrist/demo-2/product/depression-winner/indexe353.html]
[anpsthemes.com/psychiatrist/demo-2/product/depression-winner/index32bd.html]
[anpsthemes.com/psychiatrist/demo-2/product/depression-winner/index6373.html]
[anpsthemes.com/psychiatrist/demo-2/product/depression-winner/index6879.html]
[anpsthemes.com/psychiatrist/demo-2/cart/index8a97.html]
[anpsthemes.com/psychiatrist/demo-2/indexd1c3.html]
[anpsthemes.com/psychiatrist/demo-2/product/emotions-surge/index5d11.html]
[anpsthemes.com/psychiatrist/demo-2/product/emotions-surge/index9e78.html]
[anpsthemes.com/psychiatrist/demo-2/product/emotions-surge/index318b.html]
[anpsthemes.com/psychiatrist/demo-2/product/emotions-surge/indexbc80.html]
[anpsthemes.com/psychiatrist/demo-2/cart/index63c3.html]
[anpsthemes.com/psychiatrist/demo-2/indexa818.html]
[anpsthemes.com/psychiatrist/demo-2/product/group-session/index32bd.html]
[anpsthemes.com/psychiatrist/demo-2/product/group-session/indexb381.html]
[anpsthemes.com/psychiatrist/demo-2/product/group-session/index318b.html]
[anpsthemes.com/psychiatrist/demo-2/product/group-session/index9e5c.html]
[anpsthemes.com/psychiatrist/demo-2/cart/indexac77.html]
[anpsthemes.com/psychiatrist/demo-2/index6087.html]
[anpsthemes.com/psychiatrist/demo-2/product/happiness/index6879.html]
[anpsthemes.com/psychiatrist/demo-2/product/happiness/index6373.html]
[anpsthemes.com/psychiatrist/demo-2/product/happiness/index9e78.html]
[anpsthemes.com/psychiatrist/demo-2/product/happiness/index9e5c.html]
[anpsthemes.com/psychiatrist/demo-2/cart/index55ed.html]
[anpsthemes.com/psychiatrist/demo-2/index7b0e.html]
[anpsthemes.com/psychiatrist/demo-2/product/help-your-mind/index9e5c.html]
[anpsthemes.com/psychiatrist/demo-2/product/help-your-mind/index9e78.html]
[anpsthemes.com/psychiatrist/demo-2/product/help-your-mind/indexe353.html]
[anpsthemes.com/psychiatrist/demo-2/product/help-your-mind/indexbc80.html]
[anpsthemes.com/psychiatrist/demo-2/cart/index4850.html]
[anpsthemes.com/psychiatrist/demo-2/index47dc.html]
[anpsthemes.com/psychiatrist/demo-2/product/mind-analysis/index28a6.html]
[anpsthemes.com/psychiatrist/demo-2/product/mind-analysis/index32bd.html]
[anpsthemes.com/psychiatrist/demo-2/product/mind-analysis/index9e78.html]
[anpsthemes.com/psychiatrist/demo-2/product/mind-analysis/index6879.html]
[anpsthemes.com/psychiatrist/demo-2/cart/index933f.html]
[anpsthemes.com/psychiatrist/demo-2/index4b0e.html]
[anpsthemes.com/psychiatrist/demo-2/product/peace-of-mind/indexe353.html]
[anpsthemes.com/psychiatrist/demo-2/product/peace-of-mind/indexbc80.html]
[anpsthemes.com/psychiatrist/demo-2/product/peace-of-mind/index318b.html]
[anpsthemes.com/psychiatrist/demo-2/product/peace-of-mind/indexf401.html]
[anpsthemes.com/psychiatrist/demo-2/cart/indexc0bc.html]
[anpsthemes.com/psychiatrist/demo-2/indexef11.html]
[anpsthemes.com/psychiatrist/demo-2/wp-json/oembed/1.0/embed4e7b.json]
[anpsthemes.com/psychiatrist/demo-2/product/sadness-defeated/feed/index.html]
[anpsthemes.com/psychiatrist/demo-2/wp-json/oembed/1.0/embedb9da]
[anpsthemes.com/psychiatrist/demo-2/product/sadness-defeated/index.html]
[anpsthemes.com/psychiatrist/demo-2/product/psychology-1-on-1/index6ca1.html]
[anpsthemes.com/psychiatrist/demo-2/product/psychology-1-on-1/indexbc80.html]
[anpsthemes.com/psychiatrist/demo-2/product/psychology-1-on-1/index256c.html]
[anpsthemes.com/psychiatrist/demo-2/product/psychology-1-on-1/index28a6.html]
[anpsthemes.com/psychiatrist/demo-2/cart/index8937.html]
[anpsthemes.com/psychiatrist/demo-2/cart/indexbfa6.html]
[anpsthemes.com/psychiatrist/demo-2/shop/page/2/index256c.html]
[anpsthemes.com/psychiatrist/demo-2/shop/page/2/index6ca1.html]
[anpsthemes.com/psychiatrist/demo-2/wp-json/oembed/1.0/embed87b5.json]
[anpsthemes.com/psychiatrist/demo-2/product/tool-belt/feed/index.html]
[anpsthemes.com/psychiatrist/demo-2/wp-json/oembed/1.0/embed11f7]
[anpsthemes.com/psychiatrist/demo-2/product/tool-belt/index.html]
[anpsthemes.com/psychiatrist/demo-2/shop/page/2/indexcfff.html]
[anpsthemes.com/psychiatrist/demo-2/product/the-process/feed/index.html]
[anpsthemes.com/psychiatrist/demo-2/wp-json/oembed/1.0/embed3877.json]
[anpsthemes.com/psychiatrist/demo-2/wp-json/oembed/1.0/embed261b]
[anpsthemes.com/psychiatrist/demo-2/product/the-process/index.html]
[anpsthemes.com/psychiatrist/demo-2/shop/page/2/indexefab.html]
[anpsthemes.com/psychiatrist/demo-2/shop/page/2/indexbc80.html]
[anpsthemes.com/psychiatrist/demo-2/shop/page/2/index6879.html]
[anpsthemes.com/psychiatrist/demo-2/shop/page/1/index.html]
[anpsthemes.com/psychiatrist/demo-2/wp-content/plugins/woocommerce/assets/css/photoswipe/default-skin/default-skin.svg]
[anpsthemes.com/psychiatrist/demo-2/product-category/psychiatry/index28a6.html]
[anpsthemes.com/psychiatrist/demo-2/product-category/psychiatry/indexe353.html]
[anpsthemes.com/psychiatrist/demo-2/product-category/psychiatry/indexdbe6.html]
[anpsthemes.com/psychiatrist/demo-2/product-category/psychiatry/indexf401.html]
[anpsthemes.com/psychiatrist/demo-2/product-category/psychiatry/index8443.html]
[anpsthemes.com/psychiatrist/demo-2/product-category/psychiatry/index5d11.html]
[anpsthemes.com/psychiatrist/demo-2/product-category/psychiatry/index318b.html]
[anpsthemes.com/psychiatrist/demo-2/product-category/psychiatry/indexb381.html]
[anpsthemes.com/psychiatrist/demo-2/product-category/psychiatry/index9e5c.html]
[anpsthemes.com/psychiatrist/demo-2/product-category/psychiatry/index32bd.html]
[anpsthemes.com/psychiatrist/demo-2/product-category/psychiatry/index6373.html]
[anpsthemes.com/psychiatrist/demo-2/product-category/psychiatry/indexcfff.html]
[anpsthemes.com/psychiatrist/demo-2/product-category/psychiatry/page/2/index.html]
[anpsthemes.com/psychiatrist/demo-2/product-category/psychology/indexe353.html]
[anpsthemes.com/psychiatrist/demo-2/product-category/psychology/indexdbe6.html]
[anpsthemes.com/psychiatrist/demo-2/product-category/psychology/indexf401.html]
[anpsthemes.com/psychiatrist/demo-2/product-category/psychology/index8443.html]
[anpsthemes.com/psychiatrist/demo-2/product-category/psychology/index5d11.html]
[anpsthemes.com/psychiatrist/demo-2/product-category/psychology/index318b.html]
[anpsthemes.com/psychiatrist/demo-2/product-category/psychology/indexb381.html]
[anpsthemes.com/psychiatrist/demo-2/product-category/psychology/index9e5c.html]
[anpsthemes.com/psychiatrist/demo-2/product-category/psychology/index32bd.html]
[anpsthemes.com/psychiatrist/demo-2/product-category/psychology/index9e78.html]
[anpsthemes.com/psychiatrist/demo-2/product-category/psychology/index6373.html]
[anpsthemes.com/psychiatrist/demo-2/product-category/psychology/index256c.html]
[anpsthemes.com/psychiatrist/demo-2/product-category/psychology/page/2/index.html]
[anpsthemes.com/psychiatrist/demo-2/product-category/tutorial/indexe353.html]
[anpsthemes.com/psychiatrist/demo-2/product-category/tutorial/indexf401.html]
[anpsthemes.com/psychiatrist/demo-2/product-category/tutorial/index318b.html]
[anpsthemes.com/psychiatrist/demo-2/product-category/tutorial/index9e78.html]
[anpsthemes.com/psychiatrist/demo-2/product-category/tutorial/index6373.html]
[anpsthemes.com/psychiatrist/demo-2/product-category/tutorial/index256c.html]
[anpsthemes.com/psychiatrist/demo-2/product-category/tutorial/index6ca1.html]
[anpsthemes.com/psychiatrist/demo-2/product-category/tutorial/indexcfff.html]
[anpsthemes.com/psychiatrist/demo-2/product-category/tutorial/indexefab.html]
[anpsthemes.com/psychiatrist/demo-2/product-category/tutorial/indexbc80.html]
[anpsthemes.com/psychiatrist/demo-2/index7d08.html]
[anpsthemes.com/psychiatrist/demo-2/product/relaxing-book/index8443.html]
[anpsthemes.com/psychiatrist/demo-2/product/relaxing-book/indexefab.html]
[anpsthemes.com/psychiatrist/demo-2/product/relaxing-book/index318b.html]
[anpsthemes.com/psychiatrist/demo-2/product/relaxing-book/index6ca1.html]
[anpsthemes.com/psychiatrist/demo-2/cart/indexfc57.html]
[anpsthemes.com/psychiatrist/demo-2/product/quick-guide/index9e5c.html]
[anpsthemes.com/psychiatrist/demo-2/product/quick-guide/indexf401.html]
[anpsthemes.com/psychiatrist/demo-2/product/quick-guide/indexb381.html]
[anpsthemes.com/psychiatrist/demo-2/product/quick-guide/indexefab.html]
[anpsthemes.com/psychiatrist/demo-2/product/quick-guide/indexdbe6.html]
[anpsthemes.com/psychiatrist/demo-2/index5d49.html]
[anpsthemes.com/psychiatrist/demo-2/product/tranquillity/index32bd.html]
[anpsthemes.com/psychiatrist/demo-2/product/tranquillity/indexdbe6.html]
[anpsthemes.com/psychiatrist/demo-2/product/tranquillity/indexefab.html]
[anpsthemes.com/psychiatrist/demo-2/product/tranquillity/index8443.html]
[anpsthemes.com/psychiatrist/demo-2/cart/index5a7b.html]
[anpsthemes.com/psychiatrist/demo-2/product/quick-guide/index9e78.html]
[anpsthemes.com/psychiatrist/demo-2/product/quick-guide/index8443.html]
[anpsthemes.com/psychiatrist/demo-2/product/quick-guide/index5d11.html]
[anpsthemes.com/psychiatrist/demo-2/indexd2ad.html]
[anpsthemes.com/psychiatrist/demo-2/product/train-your-mind/index6373.html]
[anpsthemes.com/psychiatrist/demo-2/product/train-your-mind/index8443.html]
[anpsthemes.com/psychiatrist/demo-2/product/train-your-mind/index28a6.html]
[anpsthemes.com/psychiatrist/demo-2/product/train-your-mind/indexdbe6.html]
[anpsthemes.com/psychiatrist/demo-2/cart/indexf5dc.html]
[anpsthemes.com/psychiatrist/demo-2/wp-admin/images/wordpress-logo7d6b.svg]
[anpsthemes.com/psychiatrist/demo-2/wp-loginac52.html]
[anpsthemes.com/psychiatrist/demo-2/my-account/index.html]
[anpsthemes.com/psychiatrist/demo-2/indexb5fb.html]
[anpsthemes.com/psychiatrist/demo-2/product-category/analysis/index28a6.html]
[anpsthemes.com/psychiatrist/demo-2/product-category/analysis/indexe353.html]
[anpsthemes.com/psychiatrist/demo-2/product-category/analysis/indexf401.html]
[anpsthemes.com/psychiatrist/demo-2/product-category/analysis/index8443.html]
[anpsthemes.com/psychiatrist/demo-2/product-category/analysis/index5d11.html]
[anpsthemes.com/psychiatrist/demo-2/product-category/analysis/index318b.html]
[anpsthemes.com/psychiatrist/demo-2/product-category/analysis/indexb381.html]
[anpsthemes.com/psychiatrist/demo-2/product-category/analysis/index9e5c.html]
[anpsthemes.com/psychiatrist/demo-2/product-category/analysis/index32bd.html]
[anpsthemes.com/psychiatrist/demo-2/product-category/analysis/index9e78.html]
[anpsthemes.com/psychiatrist/demo-2/product-category/analysis/index6ca1.html]
[anpsthemes.com/psychiatrist/demo-2/product-category/analysis/indexcfff.html]
[anpsthemes.com/psychiatrist/demo-2/product-category/analysis/page/2/index.html]
[anpsthemes.com/psychiatrist/demo-2/product/anxiety-help/index318b.html]
[anpsthemes.com/psychiatrist/demo-2/product/anxiety-help/indexf401.html]
[anpsthemes.com/psychiatrist/demo-2/product/anxiety-help/index6ca1.html]
[anpsthemes.com/psychiatrist/demo-2/product/anxiety-help/index32bd.html]
[anpsthemes.com/psychiatrist/demo-2/product/anxiety-help/indexb381.html]
[anpsthemes.com/psychiatrist/demo-2/product/anxiety-help/index6879.html]
[anpsthemes.com/psychiatrist/demo-2/product/anxiety-help/indexcfff.html]
[anpsthemes.com/psychiatrist/demo-2/product/anxiety-help/index9e5c.html]
[anpsthemes.com/psychiatrist/demo-2/shop/indexaafe.html]
[anpsthemes.com/psychiatrist/demo-2/index2df4.html]
[anpsthemes.com/psychiatrist/demo-2/cart/index3059.html]
[anpsthemes.com/psychiatrist/demo-2/product-category/relaxing-methods/indexe353.html]
[anpsthemes.com/psychiatrist/demo-2/product-category/relaxing-methods/indexdbe6.html]
[anpsthemes.com/psychiatrist/demo-2/product-category/relaxing-methods/indexf401.html]
[anpsthemes.com/psychiatrist/demo-2/product-category/relaxing-methods/index5d11.html]
[anpsthemes.com/psychiatrist/demo-2/product-category/relaxing-methods/index318b.html]
[anpsthemes.com/psychiatrist/demo-2/product-category/relaxing-methods/index256c.html]
[anpsthemes.com/psychiatrist/demo-2/product-category/relaxing-methods/indexcfff.html]
[anpsthemes.com/psychiatrist/demo-2/product-category/relaxing-methods/indexefab.html]
[anpsthemes.com/psychiatrist/demo-2/product-category/relaxing-methods/indexbc80.html]
[anpsthemes.com/psychiatrist/demo-2/product/brain-power/index5d11.html]
[anpsthemes.com/psychiatrist/demo-2/product/brain-power/index28a6.html]
[anpsthemes.com/psychiatrist/demo-2/product/brain-power/index6ca1.html]
[anpsthemes.com/psychiatrist/demo-2/product/brain-power/index32bd.html]
[anpsthemes.com/psychiatrist/demo-2/product/brain-power/indexdbe6.html]
[anpsthemes.com/psychiatrist/demo-2/product/brain-power/indexcfff.html]
[anpsthemes.com/psychiatrist/demo-2/product/brain-power/index256c.html]
[anpsthemes.com/psychiatrist/demo-2/product/brain-power/indexefab.html]
[anpsthemes.com/psychiatrist/demo-2/cart/index840b.html]
[anpsthemes.com/psychiatrist/demo-2/product/calm-mind/index6373.html]
[anpsthemes.com/psychiatrist/demo-2/product/calm-mind/indexbc80.html]
[anpsthemes.com/psychiatrist/demo-2/product/calm-mind/index256c.html]
[anpsthemes.com/psychiatrist/demo-2/product/calm-mind/indexe353.html]
[anpsthemes.com/psychiatrist/demo-2/product/calm-mind/indexefab.html]
[anpsthemes.com/psychiatrist/demo-2/product/calm-mind/indexf401.html]
[anpsthemes.com/psychiatrist/demo-2/product/calm-mind/index9e5c.html]
[anpsthemes.com/psychiatrist/demo-2/product/calm-mind/index8443.html]
[anpsthemes.com/psychiatrist/demo-2/product/calm-mind/index318b.html]
[anpsthemes.com/psychiatrist/demo-2/cart/indexedd5.html]
[anpsthemes.com/psychiatrist/demo-2/product/depression-winner/index5d11.html]
[anpsthemes.com/psychiatrist/demo-2/product/depression-winner/indexdbe6.html]
[anpsthemes.com/psychiatrist/demo-2/product/depression-winner/index256c.html]
[anpsthemes.com/psychiatrist/demo-2/product/depression-winner/indexb381.html]
[anpsthemes.com/psychiatrist/demo-2/product/depression-winner/index9e78.html]
[anpsthemes.com/psychiatrist/demo-2/product/depression-winner/index6ca1.html]
[anpsthemes.com/psychiatrist/demo-2/product/depression-winner/indexbc80.html]
[anpsthemes.com/psychiatrist/demo-2/cart/indexfa2d.html]
[anpsthemes.com/psychiatrist/demo-2/product/emotions-surge/indexcfff.html]
[anpsthemes.com/psychiatrist/demo-2/product/emotions-surge/index28a6.html]
[anpsthemes.com/psychiatrist/demo-2/product/emotions-surge/indexf401.html]
[anpsthemes.com/psychiatrist/demo-2/product/emotions-surge/index9e5c.html]
[anpsthemes.com/psychiatrist/demo-2/product/emotions-surge/indexefab.html]
[anpsthemes.com/psychiatrist/demo-2/product/emotions-surge/index256c.html]
[anpsthemes.com/psychiatrist/demo-2/product/emotions-surge/indexb381.html]
[anpsthemes.com/psychiatrist/demo-2/cart/index89e6.html]
[anpsthemes.com/psychiatrist/demo-2/product/group-session/index6ca1.html]
[anpsthemes.com/psychiatrist/demo-2/product/group-session/indexbc80.html]
[anpsthemes.com/psychiatrist/demo-2/product/group-session/indexcfff.html]
[anpsthemes.com/psychiatrist/demo-2/product/group-session/index6879.html]
[anpsthemes.com/psychiatrist/demo-2/product/group-session/index256c.html]
[anpsthemes.com/psychiatrist/demo-2/product/group-session/index6373.html]
[anpsthemes.com/psychiatrist/demo-2/product/group-session/indexefab.html]
[anpsthemes.com/psychiatrist/demo-2/product/group-session/index9e78.html]
[anpsthemes.com/psychiatrist/demo-2/cart/index08e2.html]
[anpsthemes.com/psychiatrist/demo-2/product/happiness/indexe353.html]
[anpsthemes.com/psychiatrist/demo-2/product/happiness/index5d11.html]
[anpsthemes.com/psychiatrist/demo-2/product/happiness/indexb381.html]
[anpsthemes.com/psychiatrist/demo-2/product/happiness/indexdbe6.html]
[anpsthemes.com/psychiatrist/demo-2/product/happiness/index28a6.html]
[anpsthemes.com/psychiatrist/demo-2/product/happiness/indexefab.html]
[anpsthemes.com/psychiatrist/demo-2/product/happiness/index32bd.html]
[anpsthemes.com/psychiatrist/demo-2/product/happiness/indexcfff.html]
[anpsthemes.com/psychiatrist/demo-2/product/happiness/index256c.html]
[anpsthemes.com/psychiatrist/demo-2/product/happiness/indexbc80.html]
[anpsthemes.com/psychiatrist/demo-2/cart/indexaccc.html]
[anpsthemes.com/psychiatrist/demo-2/product/help-your-mind/index6ca1.html]
[anpsthemes.com/psychiatrist/demo-2/product/help-your-mind/index318b.html]
[anpsthemes.com/psychiatrist/demo-2/product/help-your-mind/indexf401.html]
[anpsthemes.com/psychiatrist/demo-2/product/help-your-mind/indexdbe6.html]
[anpsthemes.com/psychiatrist/demo-2/product/help-your-mind/index8443.html]
[anpsthemes.com/psychiatrist/demo-2/product/help-your-mind/indexefab.html]
[anpsthemes.com/psychiatrist/demo-2/product/help-your-mind/index256c.html]
[anpsthemes.com/psychiatrist/demo-2/product/help-your-mind/index5d11.html]
[anpsthemes.com/psychiatrist/demo-2/product/help-your-mind/indexcfff.html]
[anpsthemes.com/psychiatrist/demo-2/product/mind-analysis/indexdbe6.html]
[anpsthemes.com/psychiatrist/demo-2/product/mind-analysis/index6ca1.html]
[anpsthemes.com/psychiatrist/demo-2/product/mind-analysis/index8443.html]
[anpsthemes.com/psychiatrist/demo-2/product/mind-analysis/index6373.html]
[anpsthemes.com/psychiatrist/demo-2/product/mind-analysis/indexe353.html]
[anpsthemes.com/psychiatrist/demo-2/product/mind-analysis/indexcfff.html]
[anpsthemes.com/psychiatrist/demo-2/product/mind-analysis/indexf401.html]
[anpsthemes.com/psychiatrist/demo-2/product/mind-analysis/indexefab.html]
[anpsthemes.com/psychiatrist/demo-2/product/mind-analysis/indexb381.html]
[anpsthemes.com/psychiatrist/demo-2/product/mind-analysis/index318b.html]
[anpsthemes.com/psychiatrist/demo-2/product/mind-analysis/index5d11.html]
[anpsthemes.com/psychiatrist/demo-2/cart/indexc695.html]
[anpsthemes.com/psychiatrist/demo-2/product/peace-of-mind/index256c.html]
[anpsthemes.com/psychiatrist/demo-2/product/peace-of-mind/index6ca1.html]
[anpsthemes.com/psychiatrist/demo-2/product/peace-of-mind/indexb381.html]
[anpsthemes.com/psychiatrist/demo-2/product/peace-of-mind/index6879.html]
[anpsthemes.com/psychiatrist/demo-2/product/peace-of-mind/index9e78.html]
[anpsthemes.com/psychiatrist/demo-2/product/peace-of-mind/index28a6.html]
[anpsthemes.com/psychiatrist/demo-2/product/peace-of-mind/indexefab.html]
[anpsthemes.com/psychiatrist/demo-2/index8bcd.html]
[anpsthemes.com/psychiatrist/demo-2/product/sadness-defeated/index6879.html]
[anpsthemes.com/psychiatrist/demo-2/product/sadness-defeated/index6373.html]
[anpsthemes.com/psychiatrist/demo-2/product/sadness-defeated/index256c.html]
[anpsthemes.com/psychiatrist/demo-2/product/sadness-defeated/index9e78.html]
[anpsthemes.com/psychiatrist/demo-2/cart/indexc76e.html]
[anpsthemes.com/psychiatrist/demo-2/product/psychology-1-on-1/indexdbe6.html]
[anpsthemes.com/psychiatrist/demo-2/product/psychology-1-on-1/index9e5c.html]
[anpsthemes.com/psychiatrist/demo-2/product/psychology-1-on-1/indexe353.html]
[anpsthemes.com/psychiatrist/demo-2/product/psychology-1-on-1/indexb381.html]
[anpsthemes.com/psychiatrist/demo-2/product/psychology-1-on-1/index8443.html]
[anpsthemes.com/psychiatrist/demo-2/product/psychology-1-on-1/index32bd.html]
[anpsthemes.com/psychiatrist/demo-2/product/psychology-1-on-1/index318b.html]
[anpsthemes.com/psychiatrist/demo-2/cart/indexade2.html]
[anpsthemes.com/psychiatrist/demo-2/indexc725.html]
[anpsthemes.com/psychiatrist/demo-2/product/tool-belt/index9e5c.html]
[anpsthemes.com/psychiatrist/demo-2/product/tool-belt/indexdbe6.html]
[anpsthemes.com/psychiatrist/demo-2/product/tool-belt/index28a6.html]
[anpsthemes.com/psychiatrist/demo-2/product/tool-belt/index9e78.html]
[anpsthemes.com/psychiatrist/demo-2/cart/index49a4.html]
[anpsthemes.com/psychiatrist/demo-2/indexf034.html]
[anpsthemes.com/psychiatrist/demo-2/product/the-process/index28a6.html]
[anpsthemes.com/psychiatrist/demo-2/product/the-process/indexdbe6.html]
[anpsthemes.com/psychiatrist/demo-2/product/the-process/indexbc80.html]
[anpsthemes.com/psychiatrist/demo-2/product/the-process/index256c.html]
[anpsthemes.com/psychiatrist/demo-2/cart/index8446.html]
[anpsthemes.com/psychiatrist/demo-2/product-category/psychiatry/page/2/indexefab.html]
[anpsthemes.com/psychiatrist/demo-2/product-category/psychiatry/page/2/indexbc80.html]
[anpsthemes.com/psychiatrist/demo-2/product-category/psychiatry/page/2/index6879.html]
[anpsthemes.com/psychiatrist/demo-2/product-category/psychiatry/page/1/index.html]
[anpsthemes.com/psychiatrist/demo-2/product-category/psychology/page/2/indexcfff.html]
[anpsthemes.com/psychiatrist/demo-2/product-category/psychology/page/2/indexefab.html]
[anpsthemes.com/psychiatrist/demo-2/product-category/psychology/page/2/indexbc80.html]
[anpsthemes.com/psychiatrist/demo-2/product-category/psychology/page/2/index6879.html]
[anpsthemes.com/psychiatrist/demo-2/product-category/psychology/page/1/index.html]
[anpsthemes.com/psychiatrist/demo-2/product/relaxing-book/indexf401.html]
[anpsthemes.com/psychiatrist/demo-2/product/relaxing-book/index6373.html]
[anpsthemes.com/psychiatrist/demo-2/product/relaxing-book/indexbc80.html]
[anpsthemes.com/psychiatrist/demo-2/product/relaxing-book/index9e5c.html]
[anpsthemes.com/psychiatrist/demo-2/product/relaxing-book/indexdbe6.html]
[anpsthemes.com/psychiatrist/demo-2/product/relaxing-book/index32bd.html]
[anpsthemes.com/psychiatrist/demo-2/product/relaxing-book/index5d11.html]
[anpsthemes.com/psychiatrist/demo-2/product/relaxing-book/indexcfff.html]
[anpsthemes.com/psychiatrist/demo-2/product/relaxing-book/index6879.html]
[anpsthemes.com/psychiatrist/demo-2/product/quick-guide/indexaafe.html]
[anpsthemes.com/psychiatrist/demo-2/cart/index4020.html]
[anpsthemes.com/psychiatrist/demo-2/product/quick-guide/indexe353.html]
[anpsthemes.com/psychiatrist/demo-2/product/quick-guide/index6ca1.html]
[anpsthemes.com/psychiatrist/demo-2/product/quick-guide/index28a6.html]
[anpsthemes.com/psychiatrist/demo-2/product/tranquillity/indexb381.html]
[anpsthemes.com/psychiatrist/demo-2/product/tranquillity/indexf401.html]
[anpsthemes.com/psychiatrist/demo-2/product/tranquillity/index6373.html]
[anpsthemes.com/psychiatrist/demo-2/product/tranquillity/index5d11.html]
[anpsthemes.com/psychiatrist/demo-2/product/tranquillity/index28a6.html]
[anpsthemes.com/psychiatrist/demo-2/product/tranquillity/index6ca1.html]
[anpsthemes.com/psychiatrist/demo-2/product/tranquillity/index9e78.html]
[anpsthemes.com/psychiatrist/demo-2/product/tranquillity/indexbc80.html]
[anpsthemes.com/psychiatrist/demo-2/product/tranquillity/indexe353.html]
[anpsthemes.com/psychiatrist/demo-2/cart/index8908.html]
[anpsthemes.com/psychiatrist/demo-2/product/quick-guide/index32bd.html]
[anpsthemes.com/psychiatrist/demo-2/product/train-your-mind/indexefab.html]
[anpsthemes.com/psychiatrist/demo-2/product/train-your-mind/indexf401.html]
[anpsthemes.com/psychiatrist/demo-2/product/train-your-mind/index6879.html]
[anpsthemes.com/psychiatrist/demo-2/product/train-your-mind/indexe353.html]
[anpsthemes.com/psychiatrist/demo-2/product/train-your-mind/index9e5c.html]
[anpsthemes.com/psychiatrist/demo-2/product/train-your-mind/index6ca1.html]
[anpsthemes.com/psychiatrist/demo-2/product/train-your-mind/index256c.html]
[anpsthemes.com/psychiatrist/demo-2/product/train-your-mind/index9e78.html]
[anpsthemes.com/psychiatrist/demo-2/product/train-your-mind/indexb381.html]
[anpsthemes.com/psychiatrist/demo-2/product/train-your-mind/index32bd.html]
[anpsthemes.com/psychiatrist/demo-2/wp-admin/&reauth=1.html]
[anpsthemes.com/psychiatrist/demo-2/cart/indexb3ea.html]
[anpsthemes.com/psychiatrist/demo-2/product-category/analysis/page/2/indexefab.html]
[anpsthemes.com/psychiatrist/demo-2/product-category/analysis/page/2/indexbc80.html]
[anpsthemes.com/psychiatrist/demo-2/product-category/analysis/page/2/index6879.html]
[anpsthemes.com/psychiatrist/demo-2/product-category/analysis/page/1/index.html]
[anpsthemes.com/psychiatrist/demo-2/product/anxiety-help/indexdbe6.html]
[anpsthemes.com/psychiatrist/demo-2/product/anxiety-help/indexefab.html]
[anpsthemes.com/psychiatrist/demo-2/product/anxiety-help/indexe353.html]
[anpsthemes.com/psychiatrist/demo-2/product/anxiety-help/index5d11.html]
[anpsthemes.com/psychiatrist/demo-2/shop/index6332.html]
[anpsthemes.com/psychiatrist/demo-2/shop/indexfcd1.html]
[anpsthemes.com/psychiatrist/demo-2/shop/index007c.html]
[anpsthemes.com/psychiatrist/demo-2/shop/index1bcb.html]
[anpsthemes.com/psychiatrist/demo-2/shop/indexc5e8.html]
[anpsthemes.com/psychiatrist/demo-2/shop/index6907.html]
[anpsthemes.com/psychiatrist/demo-2/shop/index1467.html]
[anpsthemes.com/psychiatrist/demo-2/shop/index42e7.html]
[anpsthemes.com/psychiatrist/demo-2/shop/index1ed2.html]
[anpsthemes.com/psychiatrist/demo-2/shop/index7624.html]
[anpsthemes.com/psychiatrist/demo-2/shop/indexeb26.html]
[anpsthemes.com/psychiatrist/demo-2/shop/index8eb5.html]
[anpsthemes.com/psychiatrist/demo-2/shop/page/2/indexaafe.html]
[anpsthemes.com/psychiatrist/demo-2/product/brain-power/indexf401.html]
[anpsthemes.com/psychiatrist/demo-2/product/brain-power/indexb381.html]
[anpsthemes.com/psychiatrist/demo-2/product/brain-power/indexbc80.html]
[anpsthemes.com/psychiatrist/demo-2/product/brain-power/index6373.html]
[anpsthemes.com/psychiatrist/demo-2/product/calm-mind/index32bd.html]
[anpsthemes.com/psychiatrist/demo-2/product/calm-mind/indexcfff.html]
[anpsthemes.com/psychiatrist/demo-2/product/calm-mind/index6879.html]
[anpsthemes.com/psychiatrist/demo-2/product/depression-winner/indexefab.html]
[anpsthemes.com/psychiatrist/demo-2/product/depression-winner/index8443.html]
[anpsthemes.com/psychiatrist/demo-2/product/depression-winner/index318b.html]
[anpsthemes.com/psychiatrist/demo-2/product/depression-winner/index28a6.html]
[anpsthemes.com/psychiatrist/demo-2/product/emotions-surge/index6373.html]
[anpsthemes.com/psychiatrist/demo-2/product/emotions-surge/indexdbe6.html]
[anpsthemes.com/psychiatrist/demo-2/product/emotions-surge/index6ca1.html]
[anpsthemes.com/psychiatrist/demo-2/product/emotions-surge/indexe353.html]
[anpsthemes.com/psychiatrist/demo-2/product/emotions-surge/index6879.html]
[anpsthemes.com/psychiatrist/demo-2/product/emotions-surge/index32bd.html]
[anpsthemes.com/psychiatrist/demo-2/product/group-session/index28a6.html]
[anpsthemes.com/psychiatrist/demo-2/product/group-session/indexdbe6.html]
[anpsthemes.com/psychiatrist/demo-2/product/group-session/index8443.html]
[anpsthemes.com/psychiatrist/demo-2/product/group-session/indexf401.html]
[anpsthemes.com/psychiatrist/demo-2/product/group-session/indexe353.html]
[anpsthemes.com/psychiatrist/demo-2/product/happiness/indexf401.html]
[anpsthemes.com/psychiatrist/demo-2/product/happiness/index8443.html]
[anpsthemes.com/psychiatrist/demo-2/product/happiness/index6ca1.html]
[anpsthemes.com/psychiatrist/demo-2/product/help-your-mind/index6373.html]
[anpsthemes.com/psychiatrist/demo-2/product/help-your-mind/index6879.html]
[anpsthemes.com/psychiatrist/demo-2/product/help-your-mind/index32bd.html]
[anpsthemes.com/psychiatrist/demo-2/product/help-your-mind/index28a6.html]
[anpsthemes.com/psychiatrist/demo-2/product/mind-analysis/index256c.html]
[anpsthemes.com/psychiatrist/demo-2/product/mind-analysis/indexbc80.html]
[anpsthemes.com/psychiatrist/demo-2/product/peace-of-mind/index6373.html]
[anpsthemes.com/psychiatrist/demo-2/product/peace-of-mind/indexcfff.html]
[anpsthemes.com/psychiatrist/demo-2/product/peace-of-mind/index5d11.html]
[anpsthemes.com/psychiatrist/demo-2/product/peace-of-mind/index8443.html]
[anpsthemes.com/psychiatrist/demo-2/product/sadness-defeated/indexb381.html]
[anpsthemes.com/psychiatrist/demo-2/product/sadness-defeated/indexf401.html]
[anpsthemes.com/psychiatrist/demo-2/product/sadness-defeated/index32bd.html]
[anpsthemes.com/psychiatrist/demo-2/product/sadness-defeated/index318b.html]
[anpsthemes.com/psychiatrist/demo-2/product/sadness-defeated/indexefab.html]
[anpsthemes.com/psychiatrist/demo-2/product/sadness-defeated/index28a6.html]
[anpsthemes.com/psychiatrist/demo-2/product/sadness-defeated/index5d11.html]
[anpsthemes.com/psychiatrist/demo-2/product/sadness-defeated/index8443.html]
[anpsthemes.com/psychiatrist/demo-2/product/sadness-defeated/indexbc80.html]
[anpsthemes.com/psychiatrist/demo-2/product/sadness-defeated/indexe353.html]
[anpsthemes.com/psychiatrist/demo-2/product/psychology-1-on-1/indexaafe.html]
[anpsthemes.com/psychiatrist/demo-2/cart/indexc494.html]
[anpsthemes.com/psychiatrist/demo-2/product/psychology-1-on-1/index5d11.html]
[anpsthemes.com/psychiatrist/demo-2/product/psychology-1-on-1/index6879.html]
[anpsthemes.com/psychiatrist/demo-2/product/psychology-1-on-1/indexcfff.html]
[anpsthemes.com/psychiatrist/demo-2/product/psychology-1-on-1/indexefab.html]
[anpsthemes.com/psychiatrist/demo-2/product/psychology-1-on-1/indexf401.html]
[anpsthemes.com/psychiatrist/demo-2/product/tool-belt/indexb381.html]
[anpsthemes.com/psychiatrist/demo-2/product/tool-belt/indexe353.html]
[anpsthemes.com/psychiatrist/demo-2/product/tool-belt/index6ca1.html]
[anpsthemes.com/psychiatrist/demo-2/product/tool-belt/indexf401.html]
[anpsthemes.com/psychiatrist/demo-2/product/tool-belt/index6879.html]
[anpsthemes.com/psychiatrist/demo-2/product/tool-belt/index318b.html]
[anpsthemes.com/psychiatrist/demo-2/product/tool-belt/index5d11.html]
[anpsthemes.com/psychiatrist/demo-2/product/tool-belt/index32bd.html]
[anpsthemes.com/psychiatrist/demo-2/product/tool-belt/indexefab.html]
[anpsthemes.com/psychiatrist/demo-2/product/tool-belt/index6373.html]
[anpsthemes.com/psychiatrist/demo-2/cart/index9e40.html]
[anpsthemes.com/psychiatrist/demo-2/product/the-process/index9e5c.html]
[anpsthemes.com/psychiatrist/demo-2/product/the-process/indexcfff.html]
[anpsthemes.com/psychiatrist/demo-2/product/the-process/indexe353.html]
[anpsthemes.com/psychiatrist/demo-2/product/the-process/indexb381.html]
[anpsthemes.com/psychiatrist/demo-2/product/the-process/index318b.html]
[anpsthemes.com/psychiatrist/demo-2/product/the-process/index32bd.html]
[anpsthemes.com/psychiatrist/demo-2/product/the-process/index8443.html]
[anpsthemes.com/psychiatrist/demo-2/product/the-process/index5d11.html]
[anpsthemes.com/psychiatrist/demo-2/product/the-process/indexf401.html]
[anpsthemes.com/psychiatrist/demo-2/product/the-process/index6ca1.html]
[anpsthemes.com/psychiatrist/demo-2/cart/index6b1b.html]
[anpsthemes.com/psychiatrist/demo-2/product/relaxing-book/index9e78.html]
[anpsthemes.com/psychiatrist/demo-2/product/relaxing-book/indexb381.html]
[anpsthemes.com/psychiatrist/demo-2/product/relaxing-book/indexe353.html]
[anpsthemes.com/psychiatrist/demo-2/product/quick-guide/indexc5e8.html]
[anpsthemes.com/psychiatrist/demo-2/product/quick-guide/indexeb26.html]
[anpsthemes.com/psychiatrist/demo-2/product/quick-guide/indexa317.html]
[anpsthemes.com/psychiatrist/demo-2/product/quick-guide/index42e7.html]
[anpsthemes.com/psychiatrist/demo-2/product/tranquillity/index9e5c.html]
[anpsthemes.com/psychiatrist/demo-2/product/tranquillity/indexcfff.html]
[anpsthemes.com/psychiatrist/demo-2/product/tranquillity/index256c.html]
[anpsthemes.com/psychiatrist/demo-2/product/train-your-mind/indexcfff.html]
[anpsthemes.com/psychiatrist/demo-2/product/train-your-mind/index5d11.html]
[anpsthemes.com/psychiatrist/demo-2/product/train-your-mind/index318b.html]
[anpsthemes.com/psychiatrist/demo-2/shop/page/2/indexdfb3.html]
[anpsthemes.com/psychiatrist/demo-2/shop/page/2/indexdb00.html]
[anpsthemes.com/psychiatrist/demo-2/shop/page/2/indexa317.html]
[anpsthemes.com/psychiatrist/demo-2/shop/page/2/indexf4b0.html]
[anpsthemes.com/psychiatrist/demo-2/shop/page/2/index1155.html]
[anpsthemes.com/psychiatrist/demo-2/shop/page/2/indexdad3.html]
[anpsthemes.com/psychiatrist/demo-2/shop/page/1/indexaafe.html]
[anpsthemes.com/psychiatrist/demo-2/product/brain-power/index318b.html]
[anpsthemes.com/psychiatrist/demo-2/product/depression-winner/index9e5c.html]
[anpsthemes.com/psychiatrist/demo-2/product/peace-of-mind/indexdbe6.html]
[anpsthemes.com/psychiatrist/demo-2/product/sadness-defeated/indexcfff.html]
[anpsthemes.com/psychiatrist/demo-2/product/sadness-defeated/index9e5c.html]
[anpsthemes.com/psychiatrist/demo-2/product/psychology-1-on-1/index1bcb.html]
[anpsthemes.com/psychiatrist/demo-2/product/psychology-1-on-1/indexa317.html]
[anpsthemes.com/psychiatrist/demo-2/product/psychology-1-on-1/index1155.html]
[anpsthemes.com/psychiatrist/demo-2/product/psychology-1-on-1/index42e7.html]
[anpsthemes.com/psychiatrist/demo-2/product/tool-belt/indexbc80.html]
[anpsthemes.com/psychiatrist/demo-2/product/tool-belt/index8443.html]
[anpsthemes.com/psychiatrist/demo-2/product/the-process/index6373.html]
[anpsthemes.com/psychiatrist/demo-2/product/the-process/index6879.html]
[anpsthemes.com/psychiatrist/demo-2/product/the-process/index9e78.html]
[anpsthemes.com/psychiatrist/demo-2/product/quick-guide/index007c.html]
[anpsthemes.com/psychiatrist/demo-2/product/quick-guide/index1467.html]
[anpsthemes.com/psychiatrist/demo-2/product/quick-guide/indexdb00.html]
[anpsthemes.com/psychiatrist/demo-2/product/quick-guide/index1bcb.html]
[anpsthemes.com/psychiatrist/demo-2/product/quick-guide/indexf4b0.html]
[anpsthemes.com/psychiatrist/demo-2/product/quick-guide/indexfcd1.html]
[anpsthemes.com/psychiatrist/demo-2/product/quick-guide/indexdfb3.html]
[anpsthemes.com/psychiatrist/demo-2/product/quick-guide/index1ed2.html]
[anpsthemes.com/psychiatrist/demo-2/product/quick-guide/index1155.html]
[anpsthemes.com/psychiatrist/demo-2/product/quick-guide/index6907.html]
[anpsthemes.com/psychiatrist/demo-2/product/peace-of-mind/index9e5c.html]
[anpsthemes.com/psychiatrist/demo-2/product/psychology-1-on-1/index007c.html]
[anpsthemes.com/psychiatrist/demo-2/product/psychology-1-on-1/indexdb00.html]
[anpsthemes.com/psychiatrist/demo-2/product/psychology-1-on-1/indexfcd1.html]
[anpsthemes.com/psychiatrist/demo-2/product/psychology-1-on-1/index6907.html]
[anpsthemes.com/psychiatrist/demo-2/product/psychology-1-on-1/index6332.html]
[anpsthemes.com/psychiatrist/demo-2/product/psychology-1-on-1/indexdad3.html]
[anpsthemes.com/psychiatrist/demo-2/product/psychology-1-on-1/indexc5e8.html]
[anpsthemes.com/psychiatrist/demo-2/product/psychology-1-on-1/indexf4b0.html]
[anpsthemes.com/psychiatrist/demo-2/product/psychology-1-on-1/index7624.html]
[anpsthemes.com/psychiatrist/demo-2/product/quick-guide/index7624.html]
[anpsthemes.com/psychiatrist/demo-2/product/quick-guide/index6332.html]
[anpsthemes.com/psychiatrist/demo-2/product/quick-guide/indexdad3.html]
[anpsthemes.com/psychiatrist/demo-2/product/psychology-1-on-1/indexdfb3.html]
[anpsthemes.com/psychiatrist/demo-2/product/psychology-1-on-1/index1467.html]
[anpsthemes.com/psychiatrist/demo-2/product/psychology-1-on-1/index1ed2.html]
[anpsthemes.com/psychiatrist/demo-2/product/psychology-1-on-1/index8eb5.html]
